// Vitest Snapshot v1

exports[`mounts component 1`] = `
<div>
  <button
    class="bg-axo-orange text-slate-900 w-full rounded-3xl pointer m-1 text-2xl py-1 hover:bg-axo-pink transition !w-auto px-3 py-2 !rounded !rounded-l-none tooltip !m-0 block"
    data-text="Copy HTML/CSS to clipboard"
  >
    
    <svg
      class="w-6 h-6"
      fill="none"
      stroke="currentColor"
      stroke-width="1.5"
      viewBox="0 0 24 24"
      xmlns="http://www.w3.org/2000/svg"
    >
      <path
        d="M17.25 6.75L22.5 12l-5.25 5.25m-10.5 0L1.5 12l5.25-5.25m7.5-3l-4.5 16.5"
        stroke-linecap="round"
        stroke-linejoin="round"
      />
    </svg>
    
  </button>
</div>
`;

exports[`mounts tooltip 1`] = `
<div>
  <button
    class="bg-axo-orange text-slate-900 w-full rounded-3xl pointer m-1 text-2xl py-1 hover:bg-axo-pink transition !w-auto px-3 py-2 !rounded !rounded-l-none tooltip !m-0 block"
    data-text="Copy HTML/CSS to clipboard"
  >
    
    <svg
      class="w-6 h-6"
      fill="none"
      stroke="currentColor"
      stroke-width="1.5"
      viewBox="0 0 24 24"
      xmlns="http://www.w3.org/2000/svg"
    >
      <path
        d="M17.25 6.75L22.5 12l-5.25 5.25m-10.5 0L1.5 12l5.25-5.25m7.5-3l-4.5 16.5"
        stroke-linecap="round"
        stroke-linejoin="round"
      />
    </svg>
    
  </button>
</div>
`;
